../Core/Src/main.c:70:6:send_defttask	40	static
../Core/Src/main.c:76:6:send_task2	40	static
../Core/Src/main.c:82:6:send_task3	40	static
../Core/Src/main.c:88:6:send_rtosTimer	64	static
../Core/Src/main.c:108:5:main	160	static
../Core/Src/main.c:195:6:SystemClock_Config	72	static
../Core/Src/main.c:235:13:MX_USART2_UART_Init	8	static
../Core/Src/main.c:270:13:MX_GPIO_Init	48	static
../Core/Src/main.c:309:6:StartDefaultTask	16	static
../Core/Src/main.c:329:6:Task2_init	16	static
../Core/Src/main.c:342:6:Task3_init	16	static
../Core/Src/main.c:351:6:rtosTimer_init	24	static
../Core/Src/main.c:370:6:HAL_TIM_PeriodElapsedCallback	16	static
../Core/Src/main.c:387:6:Error_Handler	4	static,ignoring_inline_asm
